{"synthetic": false,
 "schemaVersion": "2025-09-10",
 "outputs":
 {"o": ["1c6e303e3407d93a.olean"],
  "i": "6770bc2b9fd00cf4.ilean",
  "c": "e856e2b2d2f11ddc.c"},
 "log":
 [{"message":
   ".> LEAN_PATH=/home/jtr/sidfinity/.lake/build/lib/lean /home/jtr/.elan/toolchains/leanprover--lean4---v4.29.1/bin/lean /home/jtr/sidfinity/pipelines/commando/codegen/Commando/Asm6502.lean -o /home/jtr/sidfinity/.lake/build/lib/lean/Commando/Asm6502.olean -i /home/jtr/sidfinity/.lake/build/lib/lean/Commando/Asm6502.ilean -c /home/jtr/sidfinity/.lake/build/ir/Commando/Asm6502.c --setup /home/jtr/sidfinity/.lake/build/ir/Commando/Asm6502.setup.json --json",
   "level": "trace"}],
 "inputs":
 [["Commando.Asm6502:deps",
   [["deps",
     [["sidfinity/Commando:extraDep",
       [["@sidfinity:extraDep", "00000000000006bb"]]],
      ["imports", "00000000000006bb"]]],
    ["libs",
     [["import dynlibs", "00000000000006bb"],
      ["package external libraries", "00000000000006bb"],
      ["module dynlibs", "00000000000006bb"],
      ["module plugins", "00000000000006bb"]]]]],
  ["Lean 4.29.1, commit f72c35b3f637c8c6571d353742168ab66cc22c00",
   "fa77a35a41db35c0"],
  ["/home/jtr/sidfinity/pipelines/commando/codegen/Commando/Asm6502.lean",
   "f4b49d3fcdbf6e66"],
  ["options", [["-DautoImplicit=false", "4a85acb881fd49d0"]]],
  ["isModule: false", "feefd2a0d3a1847e"],
  ["Module.name: Commando.Asm6502", "3fb3e879d34af1e4"],
  ["Package.id?: (some sidfinity)", "ce9551a6e6e61de2"],
  ["Module.leanArgs: #[]", "00000000000006bb"]],
 "depHash": "d48ba440a5ff000e"}