{"synthetic": false,
 "schemaVersion": "2025-09-10",
 "outputs":
 {"o": ["5dc0071041b57de2.olean"],
  "i": "99ce24351b3342b5.ilean",
  "c": "cb548bf23d841810.c"},
 "log":
 [{"message":
   ".> LEAN_PATH=/home/jtr/sidfinity/.lake/build/lib/lean /home/jtr/.elan/toolchains/leanprover--lean4---v4.29.1/bin/lean /home/jtr/sidfinity/pipelines/commando/codegen/Commando/Main.lean -o /home/jtr/sidfinity/.lake/build/lib/lean/Commando/Main.olean -i /home/jtr/sidfinity/.lake/build/lib/lean/Commando/Main.ilean -c /home/jtr/sidfinity/.lake/build/ir/Commando/Main.c --setup /home/jtr/sidfinity/.lake/build/ir/Commando/Main.setup.json --json",
   "level": "trace"}],
 "inputs":
 [["Commando.Main:deps",
   [["deps",
     [["sidfinity/sidgen_commando:extraDep",
       [["@sidfinity:extraDep", "00000000000006bb"]]],
      ["imports",
       [["Commando.Codegen transitive imports (legacy)", "990760936504c09b"],
        ["Commando.Codegen:importAllArts", "7cd28ddd334b17f4"],
        ["Commando.SongData transitive imports (legacy)", "2bdcaacb34da7575"],
        ["Commando.SongData:importAllArts", "1fea5d7b6d0b47f6"]]]]],
    ["libs",
     [["import dynlibs", "00000000000006bb"],
      ["package external libraries", "00000000000006bb"],
      ["module dynlibs", "00000000000006bb"],
      ["module plugins", "00000000000006bb"]]]]],
  ["Lean 4.29.1, commit f72c35b3f637c8c6571d353742168ab66cc22c00",
   "fa77a35a41db35c0"],
  ["/home/jtr/sidfinity/pipelines/commando/codegen/Commando/Main.lean",
   "7ac9d104b4b40522"],
  ["options", [["-DautoImplicit=false", "4a85acb881fd49d0"]]],
  ["isModule: false", "feefd2a0d3a1847e"],
  ["Module.name: Commando.Main", "b7b46aac5051fa69"],
  ["Package.id?: (some sidfinity)", "ce9551a6e6e61de2"],
  ["Module.leanArgs: #[]", "00000000000006bb"]],
 "depHash": "4cbeeedab0041387"}