{"synthetic": false,
 "schemaVersion": "2025-09-10",
 "outputs":
 {"o": ["11275e8d4b6da4eb.olean"],
  "i": "8ad7d488113009cc.ilean",
  "c": "d99cf7e80b600cf3.c"},
 "log":
 [{"message":
   ".> LEAN_PATH=/home/jtr/sidfinity/.lake/build/lib/lean /home/jtr/.elan/toolchains/leanprover--lean4---v4.29.1/bin/lean /home/jtr/sidfinity/pipelines/commando/codegen/Commando/PSIDFile.lean -o /home/jtr/sidfinity/.lake/build/lib/lean/Commando/PSIDFile.olean -i /home/jtr/sidfinity/.lake/build/lib/lean/Commando/PSIDFile.ilean -c /home/jtr/sidfinity/.lake/build/ir/Commando/PSIDFile.c --setup /home/jtr/sidfinity/.lake/build/ir/Commando/PSIDFile.setup.json --json",
   "level": "trace"}],
 "inputs":
 [["Commando.PSIDFile:deps",
   [["deps",
     [["sidfinity/Commando:extraDep",
       [["@sidfinity:extraDep", "00000000000006bb"]]],
      ["imports",
       [["Commando.Asm6502 transitive imports (legacy)", "00000000000006bb"],
        ["Commando.Asm6502:importAllArts", "f861767c5b0bdb11"]]]]],
    ["libs",
     [["import dynlibs", "00000000000006bb"],
      ["package external libraries", "00000000000006bb"],
      ["module dynlibs", "00000000000006bb"],
      ["module plugins", "00000000000006bb"]]]]],
  ["Lean 4.29.1, commit f72c35b3f637c8c6571d353742168ab66cc22c00",
   "fa77a35a41db35c0"],
  ["/home/jtr/sidfinity/pipelines/commando/codegen/Commando/PSIDFile.lean",
   "06b208ad345874ee"],
  ["options", [["-DautoImplicit=false", "4a85acb881fd49d0"]]],
  ["isModule: false", "feefd2a0d3a1847e"],
  ["Module.name: Commando.PSIDFile", "6b9dab39b975f185"],
  ["Package.id?: (some sidfinity)", "ce9551a6e6e61de2"],
  ["Module.leanArgs: #[]", "00000000000006bb"]],
 "depHash": "f1009d5b7947b2d8"}