{"synthetic": false,
 "schemaVersion": "2025-09-10",
 "outputs":
 {"o": ["0f9a5acc54171c4a.olean"],
  "i": "3c50a5ede6374655.ilean",
  "c": "00d301adc34ec514.c"},
 "log":
 [{"message":
   ".> LEAN_PATH=/home/jtr/sidfinity/.lake/build/lib/lean /home/jtr/.elan/toolchains/leanprover--lean4---v4.29.1/bin/lean /home/jtr/sidfinity/pipelines/commando/codegen/Commando/SongData.lean -o /home/jtr/sidfinity/.lake/build/lib/lean/Commando/SongData.olean -i /home/jtr/sidfinity/.lake/build/lib/lean/Commando/SongData.ilean -c /home/jtr/sidfinity/.lake/build/ir/Commando/SongData.c --setup /home/jtr/sidfinity/.lake/build/ir/Commando/SongData.setup.json --json",
   "level": "trace"}],
 "inputs":
 [["Commando.SongData:deps",
   [["deps",
     [["sidfinity/Commando:extraDep",
       [["@sidfinity:extraDep", "00000000000006bb"]]],
      ["imports",
       [["Commando.USF transitive imports (legacy)", "00000000000006bb"],
        ["Commando.USF:importAllArts", "d9528512b1a3db00"]]]]],
    ["libs",
     [["import dynlibs", "00000000000006bb"],
      ["package external libraries", "00000000000006bb"],
      ["module dynlibs", "00000000000006bb"],
      ["module plugins", "00000000000006bb"]]]]],
  ["Lean 4.29.1, commit f72c35b3f637c8c6571d353742168ab66cc22c00",
   "fa77a35a41db35c0"],
  ["/home/jtr/sidfinity/pipelines/commando/codegen/Commando/SongData.lean",
   "2affd8d00604e3ec"],
  ["options", [["-DautoImplicit=false", "4a85acb881fd49d0"]]],
  ["isModule: false", "feefd2a0d3a1847e"],
  ["Module.name: Commando.SongData", "0acc7250b50661c4"],
  ["Package.id?: (some sidfinity)", "ce9551a6e6e61de2"],
  ["Module.leanArgs: #[]", "00000000000006bb"]],
 "depHash": "56155a9d6a52900b"}