{"synthetic": false,
 "schemaVersion": "2025-09-10",
 "outputs":
 {"o": ["af288872cbb91eca.olean"],
  "i": "eb6c6c5ac698c6c2.ilean",
  "c": "b67fa2ed2a9e7024.c"},
 "log":
 [{"message":
   ".> LEAN_PATH=/home/jtr/sidfinity/.lake/build/lib/lean /home/jtr/.elan/toolchains/leanprover--lean4---v4.29.1/bin/lean /home/jtr/sidfinity/pipelines/monty/codegen/Monty/Main.lean -o /home/jtr/sidfinity/.lake/build/lib/lean/Monty/Main.olean -i /home/jtr/sidfinity/.lake/build/lib/lean/Monty/Main.ilean -c /home/jtr/sidfinity/.lake/build/ir/Monty/Main.c --setup /home/jtr/sidfinity/.lake/build/ir/Monty/Main.setup.json --json",
   "level": "trace"}],
 "inputs":
 [["Monty.Main:deps",
   [["deps",
     [["sidfinity/sidgen_monty:extraDep",
       [["@sidfinity:extraDep", "00000000000006bb"]]],
      ["imports",
       [["Monty.Codegen transitive imports (legacy)", "286585f3cb78c24c"],
        ["Monty.Codegen:importAllArts", "9736082a691e67fd"],
        ["Monty.SongData transitive imports (legacy)", "33521f6f58fcee0f"],
        ["Monty.SongData:importAllArts", "4b41a89cb9af3cf2"]]]]],
    ["libs",
     [["import dynlibs", "00000000000006bb"],
      ["package external libraries", "00000000000006bb"],
      ["module dynlibs", "00000000000006bb"],
      ["module plugins", "00000000000006bb"]]]]],
  ["Lean 4.29.1, commit f72c35b3f637c8c6571d353742168ab66cc22c00",
   "fa77a35a41db35c0"],
  ["/home/jtr/sidfinity/pipelines/monty/codegen/Monty/Main.lean",
   "343b1dd51022837d"],
  ["options", [["-DautoImplicit=false", "4a85acb881fd49d0"]]],
  ["isModule: false", "feefd2a0d3a1847e"],
  ["Module.name: Monty.Main", "75e52db2cb689424"],
  ["Package.id?: (some sidfinity)", "ce9551a6e6e61de2"],
  ["Module.leanArgs: #[]", "00000000000006bb"]],
 "depHash": "b5039ef698d16c06"}