{"synthetic": false,
 "schemaVersion": "2025-09-10",
 "outputs":
 {"o": ["faed0edc86eeb568.olean"],
  "i": "ae32265711b6f1e0.ilean",
  "c": "4b4005f505d9debe.c"},
 "log":
 [{"message":
   ".> LEAN_PATH=/home/jtr/sidfinity/.lake/build/lib/lean /home/jtr/.elan/toolchains/leanprover--lean4---v4.29.1/bin/lean /home/jtr/sidfinity/pipelines/monty/codegen/Monty/SID.lean -o /home/jtr/sidfinity/.lake/build/lib/lean/Monty/SID.olean -i /home/jtr/sidfinity/.lake/build/lib/lean/Monty/SID.ilean -c /home/jtr/sidfinity/.lake/build/ir/Monty/SID.c --setup /home/jtr/sidfinity/.lake/build/ir/Monty/SID.setup.json --json",
   "level": "trace"}],
 "inputs":
 [["Monty.SID:deps",
   [["deps",
     [["sidfinity/Monty:extraDep",
       [["@sidfinity:extraDep", "00000000000006bb"]]],
      ["imports", "00000000000006bb"]]],
    ["libs",
     [["import dynlibs", "00000000000006bb"],
      ["package external libraries", "00000000000006bb"],
      ["module dynlibs", "00000000000006bb"],
      ["module plugins", "00000000000006bb"]]]]],
  ["Lean 4.29.1, commit f72c35b3f637c8c6571d353742168ab66cc22c00",
   "fa77a35a41db35c0"],
  ["/home/jtr/sidfinity/pipelines/monty/codegen/Monty/SID.lean",
   "c3551c9776d45610"],
  ["options", [["-DautoImplicit=false", "4a85acb881fd49d0"]]],
  ["isModule: false", "feefd2a0d3a1847e"],
  ["Module.name: Monty.SID", "414155d5d643f7d6"],
  ["Package.id?: (some sidfinity)", "ce9551a6e6e61de2"],
  ["Module.leanArgs: #[]", "00000000000006bb"]],
 "depHash": "37dcedf5ec1258f0"}