{"synthetic": false,
 "schemaVersion": "2025-09-10",
 "outputs":
 {"o": ["19bf165dced95017.olean"],
  "i": "59b4f87339697f32.ilean",
  "c": "cd1bd11f1aa34ec4.c"},
 "log":
 [{"message":
   ".> LEAN_PATH=/home/jtr/sidfinity/.lake/build/lib/lean /home/jtr/.elan/toolchains/leanprover--lean4---v4.29.1/bin/lean /home/jtr/sidfinity/pipelines/monty/codegen/Monty/USF.lean -o /home/jtr/sidfinity/.lake/build/lib/lean/Monty/USF.olean -i /home/jtr/sidfinity/.lake/build/lib/lean/Monty/USF.ilean -c /home/jtr/sidfinity/.lake/build/ir/Monty/USF.c --setup /home/jtr/sidfinity/.lake/build/ir/Monty/USF.setup.json --json",
   "level": "trace"}],
 "inputs":
 [["Monty.USF:deps",
   [["deps",
     [["sidfinity/Monty:extraDep",
       [["@sidfinity:extraDep", "00000000000006bb"]]],
      ["imports", "00000000000006bb"]]],
    ["libs",
     [["import dynlibs", "00000000000006bb"],
      ["package external libraries", "00000000000006bb"],
      ["module dynlibs", "00000000000006bb"],
      ["module plugins", "00000000000006bb"]]]]],
  ["Lean 4.29.1, commit f72c35b3f637c8c6571d353742168ab66cc22c00",
   "fa77a35a41db35c0"],
  ["/home/jtr/sidfinity/pipelines/monty/codegen/Monty/USF.lean",
   "606bcd5c3932744a"],
  ["options", [["-DautoImplicit=false", "4a85acb881fd49d0"]]],
  ["isModule: false", "feefd2a0d3a1847e"],
  ["Module.name: Monty.USF", "018496a08d56e32e"],
  ["Package.id?: (some sidfinity)", "ce9551a6e6e61de2"],
  ["Module.leanArgs: #[]", "00000000000006bb"]],
 "depHash": "55ae349bff18d84f"}