{"synthetic": false,
 "schemaVersion": "2025-09-10",
 "outputs": "66874f52d95a81f2",
 "log":
 [{"message":
   ".> /home/jtr/.elan/toolchains/leanprover--lean4---v4.29.1/bin/clang -o /home/jtr/sidfinity/.lake/build/bin/sidgen_monty /home/jtr/sidfinity/.lake/build/ir/Monty/Main.c.o.export /home/jtr/sidfinity/.lake/build/ir/Monty/SID.c.o.export /home/jtr/sidfinity/.lake/build/ir/Monty/Asm6502.c.o.export /home/jtr/sidfinity/.lake/build/ir/Monty/PSIDFile.c.o.export /home/jtr/sidfinity/.lake/build/ir/Monty/USF.c.o.export /home/jtr/sidfinity/.lake/build/ir/Monty/Codegen.c.o.export /home/jtr/sidfinity/.lake/build/ir/Monty/SongData.c.o.export -L /home/jtr/.elan/toolchains/leanprover--lean4---v4.29.1/lib/lean --sysroot /home/jtr/.elan/toolchains/leanprover--lean4---v4.29.1 -L /home/jtr/.elan/toolchains/leanprover--lean4---v4.29.1/lib -L /home/jtr/.elan/toolchains/leanprover--lean4---v4.29.1/lib/glibc -lc -lc_nonshared -Wl,--as-needed -l:ld.so -Wl,--no-as-needed -lpthread_nonshared -Wl,--as-needed -Wl,-Bstatic -lgmp -lunwind -luv -Wl,-Bdynamic -Wl,--no-as-needed -fuse-ld=lld -Wl,--start-group -lleancpp -lLean -Wl,--end-group -lStd -Wl,--start-group -lInit -lleanrt -Wl,--end-group -Wl,-Bstatic -lc++ -lc++abi -Wl,-Bdynamic -lLake -Wl,--as-needed -lgmp -luv -lpthread -ldl -lrt -Wl,--no-as-needed -Wl,--gc-sections -lm -ldl -pthread",
   "level": "trace"}],
 "inputs":
 [["linkObjs",
   [["/home/jtr/sidfinity/.lake/build/ir/Monty/Main.c.o.export",
     "45c616bab3b39505"],
    ["/home/jtr/sidfinity/.lake/build/ir/Monty/SID.c.o.export",
     "f80a127b4b23d0c6"],
    ["/home/jtr/sidfinity/.lake/build/ir/Monty/Asm6502.c.o.export",
     "17e77fd0dac7a01a"],
    ["/home/jtr/sidfinity/.lake/build/ir/Monty/PSIDFile.c.o.export",
     "e4dc641b5b5c6ebf"],
    ["/home/jtr/sidfinity/.lake/build/ir/Monty/USF.c.o.export",
     "d465fb7855ffa988"],
    ["/home/jtr/sidfinity/.lake/build/ir/Monty/Codegen.c.o.export",
     "8520695e93edd331"],
    ["/home/jtr/sidfinity/.lake/build/ir/Monty/SongData.c.o.export",
     "634c871f5c286d41"]]],
  ["linkLibs", "00000000000006bb"],
  ["Lean 4.29.1, commit f72c35b3f637c8c6571d353742168ab66cc22c00",
   "fa77a35a41db35c0"],
  ["traceArgs: #[]", "00000000000006bb"],
  ["x86_64-unknown-linux-gnu", "53a0e8937c307c28"]],
 "depHash": "789520fde289c633"}