{"synthetic": false,
 "schemaVersion": "2025-09-10",
 "outputs": "bd56c5edf475b8fa",
 "log":
 [{"message":
   ".> /home/jtr/.elan/toolchains/leanprover--lean4---v4.29.1/bin/clang -o /home/jtr/sidfinity/.lake/build/bin/sidgen_commando /home/jtr/sidfinity/.lake/build/ir/Commando/Main.c.o.export /home/jtr/sidfinity/.lake/build/ir/Commando/SID.c.o.export /home/jtr/sidfinity/.lake/build/ir/Commando/Asm6502.c.o.export /home/jtr/sidfinity/.lake/build/ir/Commando/PSIDFile.c.o.export /home/jtr/sidfinity/.lake/build/ir/Commando/USF.c.o.export /home/jtr/sidfinity/.lake/build/ir/Commando/Codegen.c.o.export /home/jtr/sidfinity/.lake/build/ir/Commando/SongData.c.o.export -L /home/jtr/.elan/toolchains/leanprover--lean4---v4.29.1/lib/lean --sysroot /home/jtr/.elan/toolchains/leanprover--lean4---v4.29.1 -L /home/jtr/.elan/toolchains/leanprover--lean4---v4.29.1/lib -L /home/jtr/.elan/toolchains/leanprover--lean4---v4.29.1/lib/glibc -lc -lc_nonshared -Wl,--as-needed -l:ld.so -Wl,--no-as-needed -lpthread_nonshared -Wl,--as-needed -Wl,-Bstatic -lgmp -lunwind -luv -Wl,-Bdynamic -Wl,--no-as-needed -fuse-ld=lld -Wl,--start-group -lleancpp -lLean -Wl,--end-group -lStd -Wl,--start-group -lInit -lleanrt -Wl,--end-group -Wl,-Bstatic -lc++ -lc++abi -Wl,-Bdynamic -lLake -Wl,--as-needed -lgmp -luv -lpthread -ldl -lrt -Wl,--no-as-needed -Wl,--gc-sections -lm -ldl -pthread",
   "level": "trace"}],
 "inputs":
 [["linkObjs",
   [["/home/jtr/sidfinity/.lake/build/ir/Commando/Main.c.o.export",
     "29c1645dfa6c90c1"],
    ["/home/jtr/sidfinity/.lake/build/ir/Commando/SID.c.o.export",
     "37cdbff47c362bcd"],
    ["/home/jtr/sidfinity/.lake/build/ir/Commando/Asm6502.c.o.export",
     "4e148ac1c267ab26"],
    ["/home/jtr/sidfinity/.lake/build/ir/Commando/PSIDFile.c.o.export",
     "c33ef37bea7a2e4a"],
    ["/home/jtr/sidfinity/.lake/build/ir/Commando/USF.c.o.export",
     "275aaa6c815ae2d9"],
    ["/home/jtr/sidfinity/.lake/build/ir/Commando/Codegen.c.o.export",
     "bd72f842fa5f90c1"],
    ["/home/jtr/sidfinity/.lake/build/ir/Commando/SongData.c.o.export",
     "a534f2104817eddf"]]],
  ["linkLibs", "00000000000006bb"],
  ["Lean 4.29.1, commit f72c35b3f637c8c6571d353742168ab66cc22c00",
   "fa77a35a41db35c0"],
  ["traceArgs: #[]", "00000000000006bb"],
  ["x86_64-unknown-linux-gnu", "53a0e8937c307c28"]],
 "depHash": "93dda5d499f7a617"}